<html>
<body>
<pre>
<h1>µVision Build Log</h1>
<h2>Project:</h2>
G:\program\belt_control\MDK_ARM\belt_control.uvproj
Project File Date:  10/26/2016

<h2>Output:</h2>
Rebuild target 'Target 1'
compiling main.c...
compiling stm32f10x_it.c...
compiling TIM.C...
compiling led.c...
compiling delay.c...
compiling key.c...
compiling belt.c...
compiling misc.c...
compiling stm32f10x_bkp.c...
compiling stm32f10x_exti.c...
compiling stm32f10x_gpio.c...
compiling stm32f10x_pwr.c...
compiling stm32f10x_rcc.c...
compiling stm32f10x_rtc.c...
compiling stm32f10x_sdio.c...
compiling stm32f10x_tim.c...
compiling stm32f10x_usart.c...
compiling core_cm3.c...
compiling system_stm32f10x.c...
assembling startup_stm32f10x_md.s...
linking...
Program Size: Code=11596 RO-data=268 RW-data=80 ZI-data=1656  
".\belt_control.axf" - 0 Errors, 0 Warning(s).
Rebuild target 'Target 1'
compiling main.c...
compiling stm32f10x_it.c...
compiling TIM.C...
compiling led.c...
compiling delay.c...
compiling key.c...
compiling belt.c...
compiling misc.c...
compiling stm32f10x_bkp.c...
compiling stm32f10x_exti.c...
compiling stm32f10x_gpio.c...
compiling stm32f10x_pwr.c...
compiling stm32f10x_rcc.c...
compiling stm32f10x_rtc.c...
compiling stm32f10x_sdio.c...
compiling stm32f10x_tim.c...
compiling stm32f10x_usart.c...
compiling core_cm3.c...
compiling system_stm32f10x.c...
assembling startup_stm32f10x_md.s...
linking...
Program Size: Code=11596 RO-data=268 RW-data=80 ZI-data=1656  
FromELF: creating hex file...
".\OBJ\belt_control.axf" - 0 Errors, 0 Warning(s).
Rebuild target 'Target 1'
compiling main.c...
compiling stm32f10x_it.c...
compiling TIM.C...
compiling led.c...
compiling delay.c...
compiling key.c...
compiling belt.c...
compiling misc.c...
compiling stm32f10x_bkp.c...
compiling stm32f10x_exti.c...
compiling stm32f10x_gpio.c...
compiling stm32f10x_pwr.c...
compiling stm32f10x_rcc.c...
compiling stm32f10x_rtc.c...
compiling stm32f10x_sdio.c...
compiling stm32f10x_tim.c...
compiling stm32f10x_usart.c...
compiling core_cm3.c...
compiling system_stm32f10x.c...
assembling startup_stm32f10x_md.s...
linking...
Program Size: Code=11596 RO-data=268 RW-data=80 ZI-data=1656  
FromELF: creating hex file...
".\OBJ\belt_control.axf" - 0 Errors, 0 Warning(s).
